---
source: crates/normalize/tests/cli_snapshots.rs
expression: "snapshot_help(&[\"view\"])"
---
View a node in the codebase tree (directory, file, or symbol)

Usage: normalize view [OPTIONS] [target]

Arguments:
  [target]  Target: path, path/Symbol, Parent/method, file:line, or SymbolName

Options:
      --pretty                     Global flag: pretty
  -r, --root <root>                Root directory (defaults to current directory)
      --compact                    Global flag: compact
  -d, --depth <depth>              Depth of expansion (0=names only, 1=signatures, 2=with children, -1=all)
      --jsonl                      Output one JSON object per line (for arrays)
  -n, --line-numbers               Show line numbers
      --deps                       Show dependencies (imports/exports)
      --json                       Output machine-readable JSON
      --jq <jq>                    Filter output through jq expression
  -k, --kind <kind>                Filter by symbol kind: class, function, method
      --input-schema               Print JSON Schema of the subcommand's input parameters and exit
      --types-only                 Show only type definitions
      --output-schema              Print JSON Schema of the subcommand's return type and exit
      --tests                      Include test functions and test modules
      --params-json <params-json>  Provide all parameters as a JSON object instead of individual flags
      --raw                        Disable smart display (no collapsing single-child dirs)
      --focus <focus>              Focus view on module
      --resolve-imports            Inline signatures of specific imported symbols
      --full                       Show full source code
      --docs                       Show full docstrings
      --no-docs                    Hide all docstrings
      --no-parent                  Hide parent/ancestor context
      --context                    Context view: skeleton + imports combined
      --dir-context                Prepend directory context (.context.md files)
      --exclude <exclude>          Exclude paths matching pattern
      --only <only>                Include only paths matching pattern
  -i, --case-insensitive           Case-insensitive symbol matching
      --history <history>          Show git history for symbol (last N changes)
  -h, --help                       Print help
