---
source: crates/normalize/tests/cli_snapshots.rs
expression: "snapshot_help(&[\"generate\"])"
---
Generate code from API spec

Usage: normalize generate [OPTIONS] <COMMAND>

Commands:
  client        Generate API client from OpenAPI spec (legacy)
  types         Generate types from JSON Schema (legacy)
  cli-snapshot  Generate CLI snapshot tests for a binary
  typegen       Generate types/validators from schema (new IR-based)
  help          Print this message or the help of the given subcommand(s)

Options:
      --json       Output as JSON
      --jq <EXPR>  Filter JSON output with jq expression (implies --json)
      --pretty     Human-friendly output with colors and formatting
      --compact    Compact output without colors (overrides TTY detection)
  -h, --help       Print help
