---
source: crates/normalize/tests/cli_snapshots.rs
expression: "snapshot_help(&[\"facts\", \"rules\"])"
---
Run compiled rule packs (dylibs) against extracted facts

Usage: normalize facts rules [OPTIONS]

Options:
      --jsonl                      Output one JSON object per line (for arrays)
      --pretty                     Global flag: pretty
      --rule <rule>                Specific rule to run (runs all if not specified)
      --compact                    Global flag: compact
      --json                       Output machine-readable JSON
      --pack <pack>                Path to a specific rule pack dylib
      --jq <jq>                    Filter output through jq expression
      --list                       List available rules instead of running them
      --input-schema               Print JSON Schema of the subcommand's input parameters and exit
  -r, --root <root>                Root directory (defaults to current directory)
      --output-schema              Print JSON Schema of the subcommand's return type and exit
      --params-json <params-json>  Provide all parameters as a JSON object instead of individual flags
  -h, --help                       Print help
