---
source: crates/normalize/tests/cli_snapshots.rs
expression: "snapshot_help(&[\"aliases\"])"
---
List filter aliases (used by --exclude/--only)

Usage: normalize aliases [OPTIONS]

Options:
      --pretty                     Global flag: pretty
  -r, --root <root>                Root directory (defaults to current directory)
      --compact                    Global flag: compact
      --jsonl                      Output one JSON object per line (for arrays)
      --json                       Output machine-readable JSON
      --jq <jq>                    Filter output through jq expression
      --input-schema               Print JSON Schema of the subcommand's input parameters and exit
      --output-schema              Print JSON Schema of the subcommand's return type and exit
      --params-json <params-json>  Provide all parameters as a JSON object instead of individual flags
  -h, --help                       Print help
