---
source: crates/normalize/tests/cli_snapshots.rs
expression: "snapshot_help(&[\"rules\"])"
---
Manage and run analysis rules (syntax + fact)

Usage: normalize rules [OPTIONS] [COMMAND]

Commands:
  list     List all rules (syntax + fact, builtin + user)
  run      Run rules against the codebase
  enable   Enable a rule or all rules matching a tag
  disable  Disable a rule or all rules matching a tag
  show     Show full documentation for a rule
  tags     List all tags and the rules they group
  add      Add a rule from a URL
  update   Update imported rules from their sources
  remove   Remove an imported rule
  help     Print this message or the help of the given subcommand(s)

Options:
      --jsonl                      Output one JSON object per line (for arrays)
      --pretty                     Global flag: pretty
      --compact                    Global flag: compact
      --json                       Output machine-readable JSON
      --jq <jq>                    Filter output through jq expression
      --input-schema               Print JSON Schema of the subcommand's input parameters and exit
      --output-schema              Print JSON Schema of the subcommand's return type and exit
      --params-json <params-json>  Provide all parameters as a JSON object instead of individual flags
  -h, --help                       Print help
  -V, --version                    Print version
