---
source: crates/normalize/tests/cli_snapshots.rs
assertion_line: 52
expression: "snapshot_help(&[\"init\"])"
---
Initialize moss in current directory

Usage: normalize init [OPTIONS]

Options:
      --index               Index the codebase after initialization
      --json                Output as JSON
      --jsonl               Output as JSON Lines (one object per line)
      --jq <EXPR>           Filter JSON output with jq expression (implies --json)
      --pretty              Human-friendly output with colors and formatting
      --compact             Compact output without colors (overrides TTY detection)
      --output-schema       Output JSON schema for the command's return type
      --input-schema        Output JSON schema for the command's input arguments
      --params-json <JSON>  Pass command arguments as JSON (overrides CLI args)
  -h, --help                Print help
