---
source: crates/normalize/tests/cli_snapshots.rs
expression: "snapshot_help(&[\"rank\", \"hotspots\"])"
---
Churn × complexity hotspots: files ranked by change frequency and complexity

Usage: normalize rank hotspots [OPTIONS]

Options:
      --pretty                     Human-friendly output with colors and formatting
      --recency                    Weight recent changes higher (exponential decay)
      --compact                    Compact output without colors (overrides TTY detection)
  -r, --root <root>                Root directory (defaults to current directory)
      --jsonl                      Output one JSON object per line (for arrays)
      --repos-dir <repos-dir>      Run across all git repos under DIR
      --json                       Output machine-readable JSON
      --repos-depth <repos-depth>  Max depth to search for repos (default: 1)
      --jq <jq>                    Filter output through jq expression
      --input-schema               Print JSON Schema of the subcommand's input parameters and exit
      --output-schema              Print JSON Schema of the subcommand's return type and exit
      --params-json <params-json>  Provide all parameters as a JSON object instead of individual flags
  -h, --help                       Print help
