---
source: crates/normalize/tests/cli_snapshots.rs
expression: "snapshot_help(&[\"update\"])"
---
Check for and install updates

Usage: normalize update [OPTIONS]

Options:
  -c, --check      Check for updates without installing
      --json       Output as JSON
      --jq <EXPR>  Filter JSON output with jq expression (implies --json)
      --pretty     Human-friendly output with colors and formatting
      --compact    Compact output without colors (overrides TTY detection)
  -h, --help       Print help
