---
source: crates/normalize/tests/cli_snapshots.rs
expression: "snapshot_help(&[\"grammars\", \"install\"])"
---
Install grammars from GitHub release

Usage: normalize grammars install [OPTIONS]

Options:
      --version <VERSION>  Specific version to install (default: latest)
      --force              Force reinstall even if grammars exist
      --json               Output as JSON
      --jq <EXPR>          Filter JSON output with jq expression (implies --json)
      --pretty             Human-friendly output with colors and formatting
      --compact            Compact output without colors (overrides TTY detection)
  -h, --help               Print help
