---
source: crates/normalize/tests/cli_snapshots.rs
expression: "snapshot_help(&[\"grammars\"])"
---
Manage tree-sitter grammars for parsing

Usage: normalize grammars [OPTIONS] [COMMAND]

Commands:
  list     List installed grammars
  install  Install grammars from GitHub release
  paths    Show grammar search paths
  help     Print this message or the help of the given subcommand(s)

Options:
      --jsonl                      Output one JSON object per line (for arrays)
      --pretty                     Human-friendly output with colors and formatting
      --compact                    Compact output without colors (overrides TTY detection)
      --json                       Output machine-readable JSON
      --jq <jq>                    Filter output through jq expression
      --input-schema               Print JSON Schema of the subcommand's input parameters and exit
      --output-schema              Print JSON Schema of the subcommand's return type and exit
      --params-json <params-json>  Provide all parameters as a JSON object instead of individual flags
  -h, --help                       Print help
  -V, --version                    Print version
