---
source: crates/normalize/tests/cli_snapshots.rs
expression: "snapshot_help(&[\"generate\", \"client\"])"
---
Generate API client from OpenAPI spec

Usage: normalize generate client [OPTIONS] --lang <LANG> <SPEC>

Arguments:
  <SPEC>  OpenAPI spec JSON file

Options:
  -l, --lang <LANG>         Target language: typescript, python, rust
  -o, --output <OUTPUT>     Output file (stdout if not specified)
      --repos <DIR>         Run command across all git repos under DIR (1 level deep)
      --json                Output as JSON
      --jsonl               Output as JSON Lines (one object per line)
      --jq <EXPR>           Filter JSON output with jq expression (implies --json)
      --pretty              Human-friendly output with colors and formatting
      --compact             Compact output without colors (overrides TTY detection)
      --output-schema       Output JSON schema for the command's return type
      --input-schema        Output JSON schema for the command's input arguments
      --params-json <JSON>  Pass command arguments as JSON (overrides CLI args)
  -h, --help                Print help
