---
source: crates/normalize/tests/cli_snapshots.rs
expression: "snapshot_help(&[\"facts\", \"rebuild\"])"
---
Rebuild the file index

Usage: normalize facts rebuild [OPTIONS]

Options:
      --include <INCLUDE>
          What to extract: symbols, calls, imports (default: all)

          Possible values:
          - none:    Skip content extraction (files only)
          - symbols: Function and type definitions
          - calls:   Function call relationships
          - imports: Import statements
          
          [default: symbols calls imports]

  -r, --root <ROOT>
          Root directory (defaults to current directory)

      --repos <DIR>
          Run command across all git repos under DIR (1 level deep)

      --json
          Output as JSON

      --jsonl
          Output as JSON Lines (one object per line)

      --jq <EXPR>
          Filter JSON output with jq expression (implies --json)

      --pretty
          Human-friendly output with colors and formatting

      --compact
          Compact output without colors (overrides TTY detection)

      --output-schema
          Output JSON schema for the command's return type

      --input-schema
          Output JSON schema for the command's input arguments

      --params-json <JSON>
          Pass command arguments as JSON (overrides CLI args)

  -h, --help
          Print help (see a summary with '-h')
