---
source: crates/normalize/tests/cli_snapshots.rs
expression: "snapshot_help(&[\"package\", \"tree\"])"
---
Show dependency tree from lockfile

Usage: normalize package tree [OPTIONS]

Options:
  -e, --ecosystem <ecosystem>      Force specific ecosystem (cargo, npm, python)
      --pretty                     Human-friendly output with colors and formatting
      --compact                    Compact output without colors (overrides TTY detection)
  -r, --root <root>                Root directory (defaults to current directory)
  -d, --depth <depth>              Maximum dependency depth to show (0 = roots only, default = unlimited)
      --jsonl                      Output one JSON object per line (for arrays)
      --json                       Output machine-readable JSON
      --jq <jq>                    Filter output through jq expression
      --input-schema               Print JSON Schema of the subcommand's input parameters and exit
      --output-schema              Print JSON Schema of the subcommand's return type and exit
      --params-json <params-json>  Provide all parameters as a JSON object instead of individual flags
  -h, --help                       Print help

Examples:
normalize package tree                           # show full dependency tree
normalize package tree -e cargo                  # show only Cargo dependency tree
normalize package tree --depth 2                 # show only direct and transitive deps up to depth 2
