---
source: crates/normalize/tests/cli_snapshots.rs
assertion_line: 174
expression: "snapshot_help(&[\"facts\", \"rules\"])"
---
Run compiled rule packs (dylibs) against extracted facts

Usage: normalize facts rules [OPTIONS]

Options:
      --rule <RULE>         Specific rule to run (runs all if not specified)
      --pack <PACK>         Path to a specific rule pack dylib
      --list                List available rules instead of running them
  -r, --root <ROOT>         Root directory (defaults to current directory)
      --json                Output as JSON
      --jsonl               Output as JSON Lines (one object per line)
      --jq <EXPR>           Filter JSON output with jq expression (implies --json)
      --pretty              Human-friendly output with colors and formatting
      --compact             Compact output without colors (overrides TTY detection)
      --output-schema       Output JSON schema for the command's return type
      --input-schema        Output JSON schema for the command's input arguments
      --params-json <JSON>  Pass command arguments as JSON (overrides CLI args)
  -h, --help                Print help
