---
source: crates/normalize/tests/cli_snapshots.rs
expression: "snapshot_help(&[\"serve\", \"lsp\"])"
---
Start LSP server for IDE integration

Usage: normalize serve lsp [OPTIONS]

Options:
  -r, --root <ROOT>  Root directory (defaults to current directory)
      --json         Output as JSON
      --jq <EXPR>    Filter JSON output with jq expression (implies --json)
      --pretty       Human-friendly output with colors and formatting
      --compact      Compact output without colors (overrides TTY detection)
  -h, --help         Print help
