---
source: crates/normalize/tests/cli_snapshots.rs
expression: "snapshot_help(&[\"daemon\", \"add\"])"
---
Add a root to watch

Usage: normalize daemon add [OPTIONS] [PATH]

Arguments:
  [PATH]  Path to the project root [default: .]

Options:
      --json       Output as JSON
      --jq <EXPR>  Filter JSON output with jq expression (implies --json)
      --pretty     Human-friendly output with colors and formatting
      --compact    Compact output without colors (overrides TTY detection)
  -h, --help       Print help
