---
source: crates/normalize/tests/cli_snapshots.rs
expression: "snapshot_help(&[\"history\"])"
---
View shadow git edit history

Usage: normalize history [OPTIONS] [FILE]

Arguments:
  [FILE]  Filter history to specific file

Options:
  -r, --root <ROOT>         Root directory (defaults to current directory)
      --all                 Show full tree structure (all branches)
      --status              Show uncommitted shadow edits since last git commit
      --diff <REF>          Show diff for a specific commit
  -n, --limit <LIMIT>       Maximum number of entries to show [default: 20]
      --prune <KEEP>        Prune shadow history, keeping only the last N commits
      --repos <DIR>         Run command across all git repos under DIR (1 level deep)
      --json                Output as JSON
      --jsonl               Output as JSON Lines (one object per line)
      --jq <EXPR>           Filter JSON output with jq expression (implies --json)
      --pretty              Human-friendly output with colors and formatting
      --compact             Compact output without colors (overrides TTY detection)
      --output-schema       Output JSON schema for the command's return type
      --input-schema        Output JSON schema for the command's input arguments
      --params-json <JSON>  Pass command arguments as JSON (overrides CLI args)
  -h, --help                Print help
