---
source: crates/moss/tests/cli_snapshots.rs
assertion_line: 221
expression: "snapshot_help(&[\"grammars\", \"paths\"])"
---
Show grammar search paths

Usage: moss grammars paths [OPTIONS]

Options:
      --json       Output as JSON
      --jq <EXPR>  Filter JSON output with jq expression (implies --json)
      --pretty     Human-friendly output with colors and formatting
      --compact    Compact output without colors (overrides TTY detection)
  -h, --help       Print help
