---
source: crates/normalize/tests/cli_snapshots.rs
expression: "snapshot_help(&[\"serve\", \"http\"])"
---
Start HTTP server (REST API)

Usage: normalize serve http [OPTIONS]

Options:
  -p, --port <PORT>         Port to listen on [default: 8080]
      --openapi             Output OpenAPI spec and exit (don't start server)
      --repos <DIR>         Run command across all git repos under DIR (1 level deep)
      --json                Output as JSON
  -r, --root <ROOT>         Root directory (defaults to current directory)
      --jsonl               Output as JSON Lines (one object per line)
      --jq <EXPR>           Filter JSON output with jq expression (implies --json)
      --pretty              Human-friendly output with colors and formatting
      --compact             Compact output without colors (overrides TTY detection)
      --output-schema       Output JSON schema for the command's return type
      --input-schema        Output JSON schema for the command's input arguments
      --params-json <JSON>  Pass command arguments as JSON (overrides CLI args)
  -h, --help                Print help
