---
source: crates/normalize/tests/cli_snapshots.rs
expression: "snapshot_help(&[\"analyze\", \"security\"])"
---
Run security analysis

Usage: normalize analyze security [OPTIONS] [target]

Arguments:
  [target]  Target file or directory

Options:
      --jsonl                      Output one JSON object per line (for arrays)
      --pretty                     Global flag: pretty
  -r, --root <root>                Root directory (defaults to current directory)
      --compact                    Global flag: compact
      --json                       Output machine-readable JSON
      --jq <jq>                    Filter output through jq expression
      --input-schema               Print JSON Schema of the subcommand's input parameters and exit
      --output-schema              Print JSON Schema of the subcommand's return type and exit
      --params-json <params-json>  Provide all parameters as a JSON object instead of individual flags
  -h, --help                       Print help
