---
source: crates/normalize/tests/cli_snapshots.rs
assertion_line: 232
expression: "snapshot_help(&[\"analyze\", \"complexity\"])"
---
Run complexity analysis

Usage: normalize analyze complexity [OPTIONS] [TARGET]

Arguments:
  [TARGET]  Target file or directory

Options:
  -t, --threshold <THRESHOLD>  Only show functions above this threshold
  -l, --limit <LIMIT>          Maximum number of functions to show (0 = no limit) [default: 10]
      --kind <KIND>            Filter by symbol kind: function, method
      --sarif                  Output in SARIF format for IDE integration
      --allow <SYMBOL>         Add function to .normalize/complexity-allow
      --reason <REASON>        Reason for allowing
      --json                   Output as JSON
      --jsonl                  Output as JSON Lines (one object per line)
  -r, --root <ROOT>            Root directory (defaults to current directory)
      --exclude <PATTERN>      Exclude paths matching pattern or @alias
      --jq <EXPR>              Filter JSON output with jq expression (implies --json)
      --only <PATTERN>         Include only paths matching pattern or @alias
      --pretty                 Human-friendly output with colors and formatting
      --compact                Compact output without colors (overrides TTY detection)
      --diff [<BASE>]          Analyze only files changed since base ref (e.g., main, HEAD~1) If no BASE given, defaults to origin's default branch
      --output-schema          Output JSON schema for the command's return type
      --input-schema           Output JSON schema for the command's input arguments
      --params-json <JSON>     Pass command arguments as JSON (overrides CLI args)
  -h, --help                   Print help
