---
source: crates/normalize/tests/cli_snapshots.rs
expression: "snapshot_help(&[\"analyze\", \"coupling\"])"
---
Find files that frequently change together (temporal coupling)

Usage: normalize analyze coupling [OPTIONS]

Options:
      --jsonl                      Output one JSON object per line (for arrays)
      --min-commits <min-commits>  Minimum number of shared commits to report a pair
      --pretty                     Human-friendly output with colors and formatting
      --compact                    Compact output without colors (overrides TTY detection)
      --json                       Output machine-readable JSON
  -l, --limit <limit>              Maximum number of pairs to show
      --jq <jq>                    Filter output through jq expression
  -r, --root <root>                Root directory (defaults to current directory)
      --exclude <exclude>          Exclude paths matching pattern
      --input-schema               Print JSON Schema of the subcommand's input parameters and exit
      --output-schema              Print JSON Schema of the subcommand's return type and exit
      --repos <repos>              Run across all git repos under DIR (1 level deep)
      --params-json <params-json>  Provide all parameters as a JSON object instead of individual flags
  -h, --help                       Print help
