---
source: crates/normalize/tests/cli_snapshots.rs
expression: "snapshot_help(&[\"generate\", \"types\"])"
---
Generate types/validators from schema

Usage: normalize generate types [OPTIONS] [input]

Arguments:
  [input]  Input schema file (JSON Schema or OpenAPI), use - for stdin

Options:
  -b, --backend <backend>          Output backend
      --jsonl                      Output one JSON object per line (for arrays)
      --pretty                     Global flag: pretty
      --compact                    Global flag: compact
  -f, --format <format>            Input format (auto, json-schema, openapi, typescript)
      --json                       Output machine-readable JSON
      --jq <jq>                    Filter output through jq expression
  -o, --output <output>            Output file (stdout if not specified)
      --export <export>            Export all types (add 'export' keyword)
      --input-schema               Print JSON Schema of the subcommand's input parameters and exit
      --infer-types                Generate type inference (for Zod/Valibot)
      --output-schema              Print JSON Schema of the subcommand's return type and exit
      --params-json <params-json>  Provide all parameters as a JSON object instead of individual flags
      --readonly                   Make types readonly/frozen
      --package <package>          Package name (for Go)
  -h, --help                       Print help
