---
source: crates/normalize/tests/cli_snapshots.rs
expression: "snapshot_help(&[\"package\", \"why\"])"
---
Show why a dependency is in the tree

Usage: normalize package why [OPTIONS] <PACKAGE>

Arguments:
  <PACKAGE>  Package name to trace

Options:
  -e, --ecosystem <ECOSYSTEM>  Force specific ecosystem (cargo, npm, python)
  -r, --root <ROOT>            Root directory (defaults to current directory)
      --json                   Output as JSON
      --jq <EXPR>              Filter JSON output with jq expression (implies --json)
      --pretty                 Human-friendly output with colors and formatting
      --compact                Compact output without colors (overrides TTY detection)
  -h, --help                   Print help
