---
source: crates/normalize/tests/cli_snapshots.rs
expression: "snapshot_help(&[\"analyze\", \"ast\"])"
---
Show AST structure for a file

Usage: normalize analyze ast [OPTIONS] [file]

Arguments:
  [file]  File to inspect

Options:
      --jsonl                      Output one JSON object per line (for arrays)
  -l, --at-line <at-line>          Show node at specific line
      --pretty                     Global flag: pretty
      --compact                    Global flag: compact
      --json                       Output machine-readable JSON
      --sexp                       Output as S-expression
      --jq <jq>                    Filter output through jq expression
  -r, --root <root>                Root directory (defaults to current directory)
      --input-schema               Print JSON Schema of the subcommand's input parameters and exit
      --output-schema              Print JSON Schema of the subcommand's return type and exit
      --params-json <params-json>  Provide all parameters as a JSON object instead of individual flags
  -h, --help                       Print help
