---
source: crates/normalize/tests/cli_snapshots.rs
expression: "snapshot_help(&[\"generate\", \"typegen\"])"
---
Generate types/validators from schema (new IR-based)

Usage: normalize generate typegen [OPTIONS] --backend <BACKEND> <INPUT>

Arguments:
  <INPUT>
          Input schema file (JSON Schema or OpenAPI), use - for stdin

Options:
  -f, --format <FORMAT>
          Input format

          Possible values:
          - auto:        Auto-detect from file content
          - json-schema: JSON Schema
          - open-api:    OpenAPI 3.x
          - typescript:  TypeScript source (extract type definitions)
          
          [default: auto]

  -b, --backend <BACKEND>
          Output backend

          Possible values:
          - typescript: TypeScript interfaces/types
          - zod:        Zod schemas (TypeScript)
          - valibot:    Valibot schemas (TypeScript)
          - python:     Python dataclasses
          - pydantic:   Pydantic models
          - go:         Go structs
          - rust:       Rust structs with serde

  -o, --output <OUTPUT>
          Output file (stdout if not specified)

      --export
          Export all types (add 'export' keyword)

      --infer-types
          Generate type inference (for Zod/Valibot)

      --readonly
          Make types readonly/frozen

      --package <PACKAGE>
          Package name (for Go)
          
          [default: types]

      --json
          Output as JSON

      --jq <EXPR>
          Filter JSON output with jq expression (implies --json)

      --pretty
          Human-friendly output with colors and formatting

      --compact
          Compact output without colors (overrides TTY detection)

  -h, --help
          Print help (see a summary with '-h')
