---
source: crates/normalize/tests/cli_snapshots.rs
expression: "snapshot_help(&[\"grep\"])"
---
Search for text patterns in files (fast ripgrep-based search)

Usage: normalize grep [OPTIONS] [pattern]

Arguments:
  [pattern]  Regex pattern to search for

Options:
      --pretty                     Global flag: pretty
  -r, --root <root>                Root directory (defaults to current directory)
      --compact                    Global flag: compact
  -l, --limit <limit>              Maximum number of matches to return
  -i, --ignore-case                Case-insensitive search
      --jsonl                      Output one JSON object per line (for arrays)
      --exclude <exclude>          Exclude files matching patterns or aliases
      --json                       Output machine-readable JSON
      --jq <jq>                    Filter output through jq expression
      --only <only>                Only include files matching patterns or aliases
      --input-schema               Print JSON Schema of the subcommand's input parameters and exit
      --output-schema              Print JSON Schema of the subcommand's return type and exit
      --params-json <params-json>  Provide all parameters as a JSON object instead of individual flags
  -h, --help                       Print help
