---
source: crates/normalize/tests/cli_snapshots.rs
expression: "snapshot_help(&[\"edit\", \"delete\"])"
---
Delete a symbol

Usage: normalize edit delete [OPTIONS] [target]

Arguments:
  [target]  Target to edit (path/Symbol)

Options:
      --dry-run                    Dry run - show what would change
      --jsonl                      Output one JSON object per line (for arrays)
      --pretty                     Global flag: pretty
      --compact                    Global flag: compact
      --json                       Output machine-readable JSON
  -y, --yes                        Skip confirmation
      --exclude <exclude>          Exclude files matching patterns
      --jq <jq>                    Filter output through jq expression
      --input-schema               Print JSON Schema of the subcommand's input parameters and exit
      --only <only>                Only include files matching patterns
      --multiple                   Allow glob patterns to match multiple symbols
      --output-schema              Print JSON Schema of the subcommand's return type and exit
  -m, --message <message>          Message for shadow history
      --params-json <params-json>  Provide all parameters as a JSON object instead of individual flags
  -i, --case-insensitive           Case-insensitive matching
  -r, --root <root>                Root directory
  -h, --help                       Print help
