---
source: crates/moss/tests/cli_snapshots.rs
assertion_line: 205
expression: "snapshot_help(&[\"daemon\", \"list\"])"
---
List all watched roots

Usage: moss daemon list [OPTIONS]

Options:
      --json       Output as JSON
      --jq <EXPR>  Filter JSON output with jq expression (implies --json)
      --pretty     Human-friendly output with colors and formatting
      --compact    Compact output without colors (overrides TTY detection)
  -h, --help       Print help
