---
source: crates/normalize-surface-syntax/tests/snapshots.rs
assertion_line: 110
expression: "parse(\"local y = \\\"hello\\\"\")"
---
{
  "body": [
    {
      "Let": {
        "name": "y",
        "init": {
          "Literal": {
            "String": "hello"
          }
        },
        "mutable": true
      }
    }
  ]
}
